<html>
<body>
<pre>
<h1>µVision Build Log</h1>
<h2>Tool Versions:</h2>
IDE-Version: £gVision V5.36.0.0
Copyright (C) 2021 ARM Ltd and ARM Germany GmbH. All rights reserved.
License Information: stanly HLLIN6 Nuvoton Flex license: MDK Professional 5.36 (Flex) (mdk_pro) Cannot connect to license ser
 
Tool Versions:
Toolchain:       MDK Professional 5.36 (Flex)  Version: 5.36.0.0
Toolchain Path:  C:\Keil_v5\ARM\ARMCLANG\Bin
C Compiler:      ArmClang.exe V6.16
Assembler:       Armasm.exe V6.16
Linker/Locator:  ArmLink.exe V6.16
Library Manager: ArmAr.exe V6.16
Hex Converter:   FromElf.exe V6.16
CPU DLL:         SARMCM3.DLL V5.36.0.0
Dialog DLL:      DARMCM1.DLL V1.19.4.0
Target DLL:      UL2CM3.DLL V1.164.0.0
Dialog DLL:      TARMCM1.DLL V1.14.4.0
 
<h2>Project:</h2>
C:\WORK\ML Solution\M467_MagicWand_Demo\YY\OpenNuvoton\ML_M460_SampleCode\SampleCode\NuMagicWand\Keil\NuMagicWand.uvprojx
Project File Date:  06/02/2023

<h2>Output:</h2>
*** Using Compiler 'V6.16', folder: 'C:\Keil_v5\ARM\ARMCLANG\Bin'
Build target 'g-sensor_magicwand'
assembling startup_M460.s...
compiling system_M460.c...
compiling i2s.c...
compiling sys.c...
compiling i2c.c...
compiling clk.c...
compiling uart.c...
compiling gpio.c...
compiling retarget.c...
compiling pdma.c...
compiling timer.c...
compiling model_cnn_quantized.cc...
compiling MPU6500.c...
compiling main.cpp...
compiling Model.cc...
compiling CnnModel.cc...
compiling MainClassify.cc...
compiling MainClassify_cnn.cc...
linking...
Program Size: Code=179694 RO-data=29254 RW-data=60 ZI-data=77672  
After Build - User command #1: fromelf --bin ".\obj\g-sensor_magicwand.axf" --output ".\obj\g-sensor_magicwand.bin"
After Build - User command #2: fromelf --text -c ".\obj\g-sensor_magicwand.axf" --output ".\obj\g-sensor_magicwand.txt"
".\obj\g-sensor_magicwand.axf" - 0 Error(s), 0 Warning(s).

<h2>Software Packages used:</h2>

Package Vendor: Nuvoton
                https://github.com/OpenNuvoton/cmsis-packs/raw/master/Nuvoton_DFP/Nuvoton.NuMicro_DFP.1.3.18.pack
                Nuvoton.NuMicro_DFP.1.3.18
                Nuvoton ARM Cortex-M NuMicro Family Device Support

<h2>Collection of Component include folders:</h2>
  C:\Users\HLLIN6\AppData\Local\Arm\Packs\Nuvoton\NuMicro_DFP\1.3.18\Device\M460\Include

<h2>Collection of Component Files used:</h2>
Build Time Elapsed:  00:00:27
</pre>
</body>
</html>
